2026-08-08 19:51:01  INFO      ui.main_window — Loaded 0 LDPlayer instances.
2026-08-08 19:52:59  INFO      ui.main_window — Settings updated.
2026-08-08 19:52:59  INFO      ui.main_window — Loaded 0 LDPlayer instances.
2026-08-08 19:53:41  INFO      ui.main_window — Loaded 0 LDPlayer instances.
2026-08-08 19:56:03  INFO      ui.main_window — Loaded 0 LDPlayer instances.
2026-08-08 20:01:44  INFO      ui.main_window — Loaded 1 LDPlayer instances.
2026-08-08 20:01:53  INFO      core.backup_engine — Starting backup queue: 1 jobs, concurrency=5
2026-08-08 20:01:53  INFO      core.ldconsole — Backing up instance 0 → D:/Bkupa\LDPlayer_0\backup.ldbk
2026-08-08 20:01:57  INFO      core.backup_engine — Backup DONE: index=0  file=D:/Bkupa\LDPlayer_0\backup.ldbk  3.7s
2026-08-08 20:01:57  INFO      core.backup_engine — All backups complete: 1 success, 0 failed, 4.3s total
2026-08-08 20:02:06  INFO      ui.main_window — Loaded 1 LDPlayer instances.
2026-08-08 20:02:08  INFO      ui.main_window — Loaded 1 LDPlayer instances.
2026-08-08 20:03:07  INFO      core.ldconsole — Restoring instance 0 ← D:/Bkupa\LDPlayer_0\backup.ldbk
2026-08-08 20:03:08  INFO      core.restore_engine — Restore DONE: idx=0  0.7s
2026-08-08 20:06:30  INFO      ui.main_window — Loaded 1 LDPlayer instances.
2026-08-08 20:06:35  INFO      ui.main_window — Loaded 1 LDPlayer instances.
2026-08-08 20:07:57  INFO      ui.main_window — Loaded 1 LDPlayer instances.
2026-08-08 20:22:52  INFO      ui.main_window — Loaded 1 LDPlayer instance(s).
2026-08-08 20:23:08  INFO      ui.main_window — Loaded 1 LDPlayer instance(s).
2026-08-08 20:23:28  INFO      core.backup_engine — Starting backup queue: 1 jobs, concurrency=5
2026-08-08 20:23:28  INFO      core.ldconsole — Backing up instance 0 → D:/Bkupa\LDPlayer_0\backup_20260808_202328.ldbk
2026-08-08 20:23:30  INFO      core.backup_engine — Backup DONE: index=0  file=D:/Bkupa\LDPlayer_0\backup_20260808_202328.ldbk  1.5s
2026-08-08 20:23:30  INFO      core.backup_engine — All backups complete: 1 success, 0 failed, 1.7s total
2026-08-08 20:24:08  INFO      core.ldconsole — Creating new instance: LDPlayer-1
2026-08-08 20:24:08  ERROR     core.ldconsole — Add instance failed: 
2026-08-08 20:24:08  ERROR     ui.create_instances_tab — Failed to create LDPlayer-1: 
2026-08-08 20:24:08  INFO      core.ldconsole — Creating new instance: LDPlayer-2
2026-08-08 20:24:08  ERROR     core.ldconsole — Add instance failed: 
2026-08-08 20:24:08  ERROR     ui.create_instances_tab — Failed to create LDPlayer-2: 
2026-08-08 20:24:08  INFO      core.ldconsole — Creating new instance: LDPlayer-3
2026-08-08 20:24:08  ERROR     core.ldconsole — Add instance failed: 
2026-08-08 20:24:08  ERROR     ui.create_instances_tab — Failed to create LDPlayer-3: 
2026-08-08 20:24:08  INFO      core.ldconsole — Creating new instance: LDPlayer-4
2026-08-08 20:24:08  ERROR     core.ldconsole — Add instance failed: 
2026-08-08 20:24:08  ERROR     ui.create_instances_tab — Failed to create LDPlayer-4: 
2026-08-08 20:24:08  INFO      core.ldconsole — Creating new instance: LDPlayer-5
2026-08-08 20:24:08  ERROR     core.ldconsole — Add instance failed: 
2026-08-08 20:24:08  ERROR     ui.create_instances_tab — Failed to create LDPlayer-5: 
2026-08-08 20:24:08  INFO      ui.main_window — Loaded 6 LDPlayer instance(s).
2026-08-08 20:24:13  INFO      ui.main_window — Loaded 6 LDPlayer instance(s).
2026-08-08 20:39:18  INFO      ui.main_window — Loaded 6 LDPlayer instance(s).
2026-08-08 20:39:58  ERROR     ui.create_instances_tab — Failed to create LDPlayer-1: ldplayer v9.5.3.0 Command Line Management Interface
All rights reserved.

Usage:

ldconsole <command> [parameter]

dnconsole <command> [parameter]

Commands :


quit <--name mnq_name | --index mnq_idx>

quitall

launch <--name mnq_name | --index mnq_idx>

reboot <--name mnq_name | --index mnq_idx>

list

list2

list3 [--index <mnq_idx>]

runninglist

isrunning <--name mnq_name | --index mnq_idx>

add [--name <mnq_name>]

copy [--name <mnq_name>] --from <mnq_name | mnq_idx>

remove <--name mnq_name | --index mnq_idx>

rename [--name <mnq_name | --index mnq_idx>] --title <mnq_title>

modify <--name mnq_name | --index mnq_idx>
       [--resolution <w,h,dpi>]
       [--cpu <1 | 2 | 3 | 4>]
       [--memory <256 | 512 | 768 | 1024 | 1536 | 2048 | 4096 | 8192>]
       [--manufacturer asus]
       [--model ASUS_Z00DUO]
       [--pnumber 13800000000]
       [--imei <auto | 865166023949731>]
       [--imsi <auto | 460000000000000>]
       [--simserial <auto | 89860000000000000000>]
       [--androidid <auto | 0123456789abcdef>]
       [--mac <auto | 000000000000>]
       [--autorotate <1 | 0>
       [--lockwindow <1 | 0>

       [--root <1 | 0>

installapp <--name mnq_name | --index mnq_idx> --filename <apk_file_name>

installapp <--name mnq_name | --index mnq_idx> --packagename <apk_package_name>

uninstallapp <--name mnq_name | --index mnq_idx> --packagename <apk_package_name>

runapp <--name mnq_name | --index mnq_idx> --packagename <apk_package_name>

killapp <--name mnq_name | --index mnq_idx> --packagename <apk_package_name>

locate <--name mnq_name | --index mnq_idx> --LLI <Lng,Lat>

adb <--name mnq_name | --index mnq_idx> --command <cmd_str>

setprop <--name mnq_name | --index mnq_idx> --key <name> --value <val>

getprop <--name mnq_name | --index mnq_idx> [--key <name>]

downcpu <--name mnq_name | --index mnq_idx> --rate <0~100>

backup  <--name mnq_name | --index mnq_idx> --file <filepath>

restore <--name mnq_name | --index mnq_idx> --file <filepath>

action <--name mnq_name | --index mnq_idx> --key <name> --value <val>

scan  <--name mnq_name | --index mnq_idx> --file <filepath>

sortWnd

zoomIn

zoomOut

rock

pull  <--name mnq_name | --index mnq_idx> --remote <filepath> --local <filepath>

push  <--name mnq_name | --index mnq_idx> --remote <filepath> --local <filepath>

backupapp <--name mnq_name | --index mnq_idx> --packagename <apk_package_name> --file <filepath>

restoreapp <--name mnq_name | --index mnq_idx> --packagename <apk_package_name> --file <filepath>

globalsetting [--fps <0~60>] [--audio <1 | 0>] [--fastplay <1 | 0>] [--cleanmode <1 | 0>]

launchex <--name mnq_name | --index mnq_idx> --packagename <apk_package_name>

operatelist <--name mnq_name | --index mnq_idx>

operateinfo <--name mnq_name | --index mnq_idx> --file <filename>

operaterecord <--name mnq_name | --index mnq_idx>  --content <jsonstring>
2026-08-08 20:39:58  ERROR     ui.create_instances_tab — Failed to create LDPlayer-2: ldplayer v9.5.3.0 Command Line Management Interface
All rights reserved.

Usage:

ldconsole <command> [parameter]

dnconsole <command> [parameter]

Commands :


quit <--name mnq_name | --index mnq_idx>

quitall

launch <--name mnq_name | --index mnq_idx>

reboot <--name mnq_name | --index mnq_idx>

list

list2

list3 [--index <mnq_idx>]

runninglist

isrunning <--name mnq_name | --index mnq_idx>

add [--name <mnq_name>]

copy [--name <mnq_name>] --from <mnq_name | mnq_idx>

remove <--name mnq_name | --index mnq_idx>

rename [--name <mnq_name | --index mnq_idx>] --title <mnq_title>

modify <--name mnq_name | --index mnq_idx>
       [--resolution <w,h,dpi>]
       [--cpu <1 | 2 | 3 | 4>]
       [--memory <256 | 512 | 768 | 1024 | 1536 | 2048 | 4096 | 8192>]
       [--manufacturer asus]
       [--model ASUS_Z00DUO]
       [--pnumber 13800000000]
       [--imei <auto | 865166023949731>]
       [--imsi <auto | 460000000000000>]
       [--simserial <auto | 89860000000000000000>]
       [--androidid <auto | 0123456789abcdef>]
       [--mac <auto | 000000000000>]
       [--autorotate <1 | 0>
       [--lockwindow <1 | 0>

       [--root <1 | 0>

installapp <--name mnq_name | --index mnq_idx> --filename <apk_file_name>

installapp <--name mnq_name | --index mnq_idx> --packagename <apk_package_name>

uninstallapp <--name mnq_name | --index mnq_idx> --packagename <apk_package_name>

runapp <--name mnq_name | --index mnq_idx> --packagename <apk_package_name>

killapp <--name mnq_name | --index mnq_idx> --packagename <apk_package_name>

locate <--name mnq_name | --index mnq_idx> --LLI <Lng,Lat>

adb <--name mnq_name | --index mnq_idx> --command <cmd_str>

setprop <--name mnq_name | --index mnq_idx> --key <name> --value <val>

getprop <--name mnq_name | --index mnq_idx> [--key <name>]

downcpu <--name mnq_name | --index mnq_idx> --rate <0~100>

backup  <--name mnq_name | --index mnq_idx> --file <filepath>

restore <--name mnq_name | --index mnq_idx> --file <filepath>

action <--name mnq_name | --index mnq_idx> --key <name> --value <val>

scan  <--name mnq_name | --index mnq_idx> --file <filepath>

sortWnd

zoomIn

zoomOut

rock

pull  <--name mnq_name | --index mnq_idx> --remote <filepath> --local <filepath>

push  <--name mnq_name | --index mnq_idx> --remote <filepath> --local <filepath>

backupapp <--name mnq_name | --index mnq_idx> --packagename <apk_package_name> --file <filepath>

restoreapp <--name mnq_name | --index mnq_idx> --packagename <apk_package_name> --file <filepath>

globalsetting [--fps <0~60>] [--audio <1 | 0>] [--fastplay <1 | 0>] [--cleanmode <1 | 0>]

launchex <--name mnq_name | --index mnq_idx> --packagename <apk_package_name>

operatelist <--name mnq_name | --index mnq_idx>

operateinfo <--name mnq_name | --index mnq_idx> --file <filename>

operaterecord <--name mnq_name | --index mnq_idx>  --content <jsonstring>
2026-08-08 20:39:58  ERROR     ui.create_instances_tab — Failed to create LDPlayer-3: ldplayer v9.5.3.0 Command Line Management Interface
All rights reserved.

Usage:

ldconsole <command> [parameter]

dnconsole <command> [parameter]

Commands :


quit <--name mnq_name | --index mnq_idx>

quitall

launch <--name mnq_name | --index mnq_idx>

reboot <--name mnq_name | --index mnq_idx>

list

list2

list3 [--index <mnq_idx>]

runninglist

isrunning <--name mnq_name | --index mnq_idx>

add [--name <mnq_name>]

copy [--name <mnq_name>] --from <mnq_name | mnq_idx>

remove <--name mnq_name | --index mnq_idx>

rename [--name <mnq_name | --index mnq_idx>] --title <mnq_title>

modify <--name mnq_name | --index mnq_idx>
       [--resolution <w,h,dpi>]
       [--cpu <1 | 2 | 3 | 4>]
       [--memory <256 | 512 | 768 | 1024 | 1536 | 2048 | 4096 | 8192>]
       [--manufacturer asus]
       [--model ASUS_Z00DUO]
       [--pnumber 13800000000]
       [--imei <auto | 865166023949731>]
       [--imsi <auto | 460000000000000>]
       [--simserial <auto | 89860000000000000000>]
       [--androidid <auto | 0123456789abcdef>]
       [--mac <auto | 000000000000>]
       [--autorotate <1 | 0>
       [--lockwindow <1 | 0>

       [--root <1 | 0>

installapp <--name mnq_name | --index mnq_idx> --filename <apk_file_name>

installapp <--name mnq_name | --index mnq_idx> --packagename <apk_package_name>

uninstallapp <--name mnq_name | --index mnq_idx> --packagename <apk_package_name>

runapp <--name mnq_name | --index mnq_idx> --packagename <apk_package_name>

killapp <--name mnq_name | --index mnq_idx> --packagename <apk_package_name>

locate <--name mnq_name | --index mnq_idx> --LLI <Lng,Lat>

adb <--name mnq_name | --index mnq_idx> --command <cmd_str>

setprop <--name mnq_name | --index mnq_idx> --key <name> --value <val>

getprop <--name mnq_name | --index mnq_idx> [--key <name>]

downcpu <--name mnq_name | --index mnq_idx> --rate <0~100>

backup  <--name mnq_name | --index mnq_idx> --file <filepath>

restore <--name mnq_name | --index mnq_idx> --file <filepath>

action <--name mnq_name | --index mnq_idx> --key <name> --value <val>

scan  <--name mnq_name | --index mnq_idx> --file <filepath>

sortWnd

zoomIn

zoomOut

rock

pull  <--name mnq_name | --index mnq_idx> --remote <filepath> --local <filepath>

push  <--name mnq_name | --index mnq_idx> --remote <filepath> --local <filepath>

backupapp <--name mnq_name | --index mnq_idx> --packagename <apk_package_name> --file <filepath>

restoreapp <--name mnq_name | --index mnq_idx> --packagename <apk_package_name> --file <filepath>

globalsetting [--fps <0~60>] [--audio <1 | 0>] [--fastplay <1 | 0>] [--cleanmode <1 | 0>]

launchex <--name mnq_name | --index mnq_idx> --packagename <apk_package_name>

operatelist <--name mnq_name | --index mnq_idx>

operateinfo <--name mnq_name | --index mnq_idx> --file <filename>

operaterecord <--name mnq_name | --index mnq_idx>  --content <jsonstring>
2026-08-08 20:39:58  ERROR     ui.create_instances_tab — Failed to create LDPlayer-4: ldplayer v9.5.3.0 Command Line Management Interface
All rights reserved.

Usage:

ldconsole <command> [parameter]

dnconsole <command> [parameter]

Commands :


quit <--name mnq_name | --index mnq_idx>

quitall

launch <--name mnq_name | --index mnq_idx>

reboot <--name mnq_name | --index mnq_idx>

list

list2

list3 [--index <mnq_idx>]

runninglist

isrunning <--name mnq_name | --index mnq_idx>

add [--name <mnq_name>]

copy [--name <mnq_name>] --from <mnq_name | mnq_idx>

remove <--name mnq_name | --index mnq_idx>

rename [--name <mnq_name | --index mnq_idx>] --title <mnq_title>

modify <--name mnq_name | --index mnq_idx>
       [--resolution <w,h,dpi>]
       [--cpu <1 | 2 | 3 | 4>]
       [--memory <256 | 512 | 768 | 1024 | 1536 | 2048 | 4096 | 8192>]
       [--manufacturer asus]
       [--model ASUS_Z00DUO]
       [--pnumber 13800000000]
       [--imei <auto | 865166023949731>]
       [--imsi <auto | 460000000000000>]
       [--simserial <auto | 89860000000000000000>]
       [--androidid <auto | 0123456789abcdef>]
       [--mac <auto | 000000000000>]
       [--autorotate <1 | 0>
       [--lockwindow <1 | 0>

       [--root <1 | 0>

installapp <--name mnq_name | --index mnq_idx> --filename <apk_file_name>

installapp <--name mnq_name | --index mnq_idx> --packagename <apk_package_name>

uninstallapp <--name mnq_name | --index mnq_idx> --packagename <apk_package_name>

runapp <--name mnq_name | --index mnq_idx> --packagename <apk_package_name>

killapp <--name mnq_name | --index mnq_idx> --packagename <apk_package_name>

locate <--name mnq_name | --index mnq_idx> --LLI <Lng,Lat>

adb <--name mnq_name | --index mnq_idx> --command <cmd_str>

setprop <--name mnq_name | --index mnq_idx> --key <name> --value <val>

getprop <--name mnq_name | --index mnq_idx> [--key <name>]

downcpu <--name mnq_name | --index mnq_idx> --rate <0~100>

backup  <--name mnq_name | --index mnq_idx> --file <filepath>

restore <--name mnq_name | --index mnq_idx> --file <filepath>

action <--name mnq_name | --index mnq_idx> --key <name> --value <val>

scan  <--name mnq_name | --index mnq_idx> --file <filepath>

sortWnd

zoomIn

zoomOut

rock

pull  <--name mnq_name | --index mnq_idx> --remote <filepath> --local <filepath>

push  <--name mnq_name | --index mnq_idx> --remote <filepath> --local <filepath>

backupapp <--name mnq_name | --index mnq_idx> --packagename <apk_package_name> --file <filepath>

restoreapp <--name mnq_name | --index mnq_idx> --packagename <apk_package_name> --file <filepath>

globalsetting [--fps <0~60>] [--audio <1 | 0>] [--fastplay <1 | 0>] [--cleanmode <1 | 0>]

launchex <--name mnq_name | --index mnq_idx> --packagename <apk_package_name>

operatelist <--name mnq_name | --index mnq_idx>

operateinfo <--name mnq_name | --index mnq_idx> --file <filename>

operaterecord <--name mnq_name | --index mnq_idx>  --content <jsonstring>
2026-08-08 20:39:58  ERROR     ui.create_instances_tab — Failed to create LDPlayer-5: ldplayer v9.5.3.0 Command Line Management Interface
All rights reserved.

Usage:

ldconsole <command> [parameter]

dnconsole <command> [parameter]

Commands :


quit <--name mnq_name | --index mnq_idx>

quitall

launch <--name mnq_name | --index mnq_idx>

reboot <--name mnq_name | --index mnq_idx>

list

list2

list3 [--index <mnq_idx>]

runninglist

isrunning <--name mnq_name | --index mnq_idx>

add [--name <mnq_name>]

copy [--name <mnq_name>] --from <mnq_name | mnq_idx>

remove <--name mnq_name | --index mnq_idx>

rename [--name <mnq_name | --index mnq_idx>] --title <mnq_title>

modify <--name mnq_name | --index mnq_idx>
       [--resolution <w,h,dpi>]
       [--cpu <1 | 2 | 3 | 4>]
       [--memory <256 | 512 | 768 | 1024 | 1536 | 2048 | 4096 | 8192>]
       [--manufacturer asus]
       [--model ASUS_Z00DUO]
       [--pnumber 13800000000]
       [--imei <auto | 865166023949731>]
       [--imsi <auto | 460000000000000>]
       [--simserial <auto | 89860000000000000000>]
       [--androidid <auto | 0123456789abcdef>]
       [--mac <auto | 000000000000>]
       [--autorotate <1 | 0>
       [--lockwindow <1 | 0>

       [--root <1 | 0>

installapp <--name mnq_name | --index mnq_idx> --filename <apk_file_name>

installapp <--name mnq_name | --index mnq_idx> --packagename <apk_package_name>

uninstallapp <--name mnq_name | --index mnq_idx> --packagename <apk_package_name>

runapp <--name mnq_name | --index mnq_idx> --packagename <apk_package_name>

killapp <--name mnq_name | --index mnq_idx> --packagename <apk_package_name>

locate <--name mnq_name | --index mnq_idx> --LLI <Lng,Lat>

adb <--name mnq_name | --index mnq_idx> --command <cmd_str>

setprop <--name mnq_name | --index mnq_idx> --key <name> --value <val>

getprop <--name mnq_name | --index mnq_idx> [--key <name>]

downcpu <--name mnq_name | --index mnq_idx> --rate <0~100>

backup  <--name mnq_name | --index mnq_idx> --file <filepath>

restore <--name mnq_name | --index mnq_idx> --file <filepath>

action <--name mnq_name | --index mnq_idx> --key <name> --value <val>

scan  <--name mnq_name | --index mnq_idx> --file <filepath>

sortWnd

zoomIn

zoomOut

rock

pull  <--name mnq_name | --index mnq_idx> --remote <filepath> --local <filepath>

push  <--name mnq_name | --index mnq_idx> --remote <filepath> --local <filepath>

backupapp <--name mnq_name | --index mnq_idx> --packagename <apk_package_name> --file <filepath>

restoreapp <--name mnq_name | --index mnq_idx> --packagename <apk_package_name> --file <filepath>

globalsetting [--fps <0~60>] [--audio <1 | 0>] [--fastplay <1 | 0>] [--cleanmode <1 | 0>]

launchex <--name mnq_name | --index mnq_idx> --packagename <apk_package_name>

operatelist <--name mnq_name | --index mnq_idx>

operateinfo <--name mnq_name | --index mnq_idx> --file <filename>

operaterecord <--name mnq_name | --index mnq_idx>  --content <jsonstring>
2026-08-08 20:39:58  INFO      ui.main_window — Loaded 6 LDPlayer instance(s).
2026-08-08 20:40:27  INFO      ui.main_window — Loaded 6 LDPlayer instance(s).
2026-08-08 20:40:48  INFO      ui.main_window — Loaded 1 LDPlayer instance(s).
2026-08-08 20:40:50  INFO      core.backup_engine — Starting backup queue: 1 jobs, concurrency=5
2026-08-08 20:40:50  INFO      core.ldconsole — Backing up instance 0 → D:/Bkupa\LDPlayer_0\backup_20260808_204050.ldbk
2026-08-08 20:40:52  INFO      core.backup_engine — Backup DONE: index=0  file=D:/Bkupa\LDPlayer_0\backup_20260808_204050.ldbk  1.6s
2026-08-08 20:40:52  INFO      core.backup_engine — All backups complete: 1 success, 0 failed, 2.1s total
2026-08-08 20:42:13  ERROR     ui.create_instances_tab — Failed to create LDPlayer-1: ldplayer v9.5.3.0 Command Line Management Interface
All rights reserved.

Usage:

ldconsole <command> [parameter]

dnconsole <command> [parameter]

Commands :


quit <--name mnq_name | --index mnq_idx>

quitall

launch <--name mnq_name | --index mnq_idx>

reboot <--name mnq_name | --index mnq_idx>

list

list2

list3 [--index <mnq_idx>]

runninglist

isrunning <--name mnq_name | --index mnq_idx>

add [--name <mnq_name>]

copy [--name <mnq_name>] --from <mnq_name | mnq_idx>

remove <--name mnq_name | --index mnq_idx>

rename [--name <mnq_name | --index mnq_idx>] --title <mnq_title>

modify <--name mnq_name | --index mnq_idx>
       [--resolution <w,h,dpi>]
       [--cpu <1 | 2 | 3 | 4>]
       [--memory <256 | 512 | 768 | 1024 | 1536 | 2048 | 4096 | 8192>]
       [--manufacturer asus]
       [--model ASUS_Z00DUO]
       [--pnumber 13800000000]
       [--imei <auto | 865166023949731>]
       [--imsi <auto | 460000000000000>]
       [--simserial <auto | 89860000000000000000>]
       [--androidid <auto | 0123456789abcdef>]
       [--mac <auto | 000000000000>]
       [--autorotate <1 | 0>
       [--lockwindow <1 | 0>

       [--root <1 | 0>

installapp <--name mnq_name | --index mnq_idx> --filename <apk_file_name>

installapp <--name mnq_name | --index mnq_idx> --packagename <apk_package_name>

uninstallapp <--name mnq_name | --index mnq_idx> --packagename <apk_package_name>

runapp <--name mnq_name | --index mnq_idx> --packagename <apk_package_name>

killapp <--name mnq_name | --index mnq_idx> --packagename <apk_package_name>

locate <--name mnq_name | --index mnq_idx> --LLI <Lng,Lat>

adb <--name mnq_name | --index mnq_idx> --command <cmd_str>

setprop <--name mnq_name | --index mnq_idx> --key <name> --value <val>

getprop <--name mnq_name | --index mnq_idx> [--key <name>]

downcpu <--name mnq_name | --index mnq_idx> --rate <0~100>

backup  <--name mnq_name | --index mnq_idx> --file <filepath>

restore <--name mnq_name | --index mnq_idx> --file <filepath>

action <--name mnq_name | --index mnq_idx> --key <name> --value <val>

scan  <--name mnq_name | --index mnq_idx> --file <filepath>

sortWnd

zoomIn

zoomOut

rock

pull  <--name mnq_name | --index mnq_idx> --remote <filepath> --local <filepath>

push  <--name mnq_name | --index mnq_idx> --remote <filepath> --local <filepath>

backupapp <--name mnq_name | --index mnq_idx> --packagename <apk_package_name> --file <filepath>

restoreapp <--name mnq_name | --index mnq_idx> --packagename <apk_package_name> --file <filepath>

globalsetting [--fps <0~60>] [--audio <1 | 0>] [--fastplay <1 | 0>] [--cleanmode <1 | 0>]

launchex <--name mnq_name | --index mnq_idx> --packagename <apk_package_name>

operatelist <--name mnq_name | --index mnq_idx>

operateinfo <--name mnq_name | --index mnq_idx> --file <filename>

operaterecord <--name mnq_name | --index mnq_idx>  --content <jsonstring>
2026-08-08 20:42:13  ERROR     ui.create_instances_tab — Failed to create LDPlayer-2: ldplayer v9.5.3.0 Command Line Management Interface
All rights reserved.

Usage:

ldconsole <command> [parameter]

dnconsole <command> [parameter]

Commands :


quit <--name mnq_name | --index mnq_idx>

quitall

launch <--name mnq_name | --index mnq_idx>

reboot <--name mnq_name | --index mnq_idx>

list

list2

list3 [--index <mnq_idx>]

runninglist

isrunning <--name mnq_name | --index mnq_idx>

add [--name <mnq_name>]

copy [--name <mnq_name>] --from <mnq_name | mnq_idx>

remove <--name mnq_name | --index mnq_idx>

rename [--name <mnq_name | --index mnq_idx>] --title <mnq_title>

modify <--name mnq_name | --index mnq_idx>
       [--resolution <w,h,dpi>]
       [--cpu <1 | 2 | 3 | 4>]
       [--memory <256 | 512 | 768 | 1024 | 1536 | 2048 | 4096 | 8192>]
       [--manufacturer asus]
       [--model ASUS_Z00DUO]
       [--pnumber 13800000000]
       [--imei <auto | 865166023949731>]
       [--imsi <auto | 460000000000000>]
       [--simserial <auto | 89860000000000000000>]
       [--androidid <auto | 0123456789abcdef>]
       [--mac <auto | 000000000000>]
       [--autorotate <1 | 0>
       [--lockwindow <1 | 0>

       [--root <1 | 0>

installapp <--name mnq_name | --index mnq_idx> --filename <apk_file_name>

installapp <--name mnq_name | --index mnq_idx> --packagename <apk_package_name>

uninstallapp <--name mnq_name | --index mnq_idx> --packagename <apk_package_name>

runapp <--name mnq_name | --index mnq_idx> --packagename <apk_package_name>

killapp <--name mnq_name | --index mnq_idx> --packagename <apk_package_name>

locate <--name mnq_name | --index mnq_idx> --LLI <Lng,Lat>

adb <--name mnq_name | --index mnq_idx> --command <cmd_str>

setprop <--name mnq_name | --index mnq_idx> --key <name> --value <val>

getprop <--name mnq_name | --index mnq_idx> [--key <name>]

downcpu <--name mnq_name | --index mnq_idx> --rate <0~100>

backup  <--name mnq_name | --index mnq_idx> --file <filepath>

restore <--name mnq_name | --index mnq_idx> --file <filepath>

action <--name mnq_name | --index mnq_idx> --key <name> --value <val>

scan  <--name mnq_name | --index mnq_idx> --file <filepath>

sortWnd

zoomIn

zoomOut

rock

pull  <--name mnq_name | --index mnq_idx> --remote <filepath> --local <filepath>

push  <--name mnq_name | --index mnq_idx> --remote <filepath> --local <filepath>

backupapp <--name mnq_name | --index mnq_idx> --packagename <apk_package_name> --file <filepath>

restoreapp <--name mnq_name | --index mnq_idx> --packagename <apk_package_name> --file <filepath>

globalsetting [--fps <0~60>] [--audio <1 | 0>] [--fastplay <1 | 0>] [--cleanmode <1 | 0>]

launchex <--name mnq_name | --index mnq_idx> --packagename <apk_package_name>

operatelist <--name mnq_name | --index mnq_idx>

operateinfo <--name mnq_name | --index mnq_idx> --file <filename>

operaterecord <--name mnq_name | --index mnq_idx>  --content <jsonstring>
2026-08-08 20:42:13  ERROR     ui.create_instances_tab — Failed to create LDPlayer-3: ldplayer v9.5.3.0 Command Line Management Interface
All rights reserved.

Usage:

ldconsole <command> [parameter]

dnconsole <command> [parameter]

Commands :


quit <--name mnq_name | --index mnq_idx>

quitall

launch <--name mnq_name | --index mnq_idx>

reboot <--name mnq_name | --index mnq_idx>

list

list2

list3 [--index <mnq_idx>]

runninglist

isrunning <--name mnq_name | --index mnq_idx>

add [--name <mnq_name>]

copy [--name <mnq_name>] --from <mnq_name | mnq_idx>

remove <--name mnq_name | --index mnq_idx>

rename [--name <mnq_name | --index mnq_idx>] --title <mnq_title>

modify <--name mnq_name | --index mnq_idx>
       [--resolution <w,h,dpi>]
       [--cpu <1 | 2 | 3 | 4>]
       [--memory <256 | 512 | 768 | 1024 | 1536 | 2048 | 4096 | 8192>]
       [--manufacturer asus]
       [--model ASUS_Z00DUO]
       [--pnumber 13800000000]
       [--imei <auto | 865166023949731>]
       [--imsi <auto | 460000000000000>]
       [--simserial <auto | 89860000000000000000>]
       [--androidid <auto | 0123456789abcdef>]
       [--mac <auto | 000000000000>]
       [--autorotate <1 | 0>
       [--lockwindow <1 | 0>

       [--root <1 | 0>

installapp <--name mnq_name | --index mnq_idx> --filename <apk_file_name>

installapp <--name mnq_name | --index mnq_idx> --packagename <apk_package_name>

uninstallapp <--name mnq_name | --index mnq_idx> --packagename <apk_package_name>

runapp <--name mnq_name | --index mnq_idx> --packagename <apk_package_name>

killapp <--name mnq_name | --index mnq_idx> --packagename <apk_package_name>

locate <--name mnq_name | --index mnq_idx> --LLI <Lng,Lat>

adb <--name mnq_name | --index mnq_idx> --command <cmd_str>

setprop <--name mnq_name | --index mnq_idx> --key <name> --value <val>

getprop <--name mnq_name | --index mnq_idx> [--key <name>]

downcpu <--name mnq_name | --index mnq_idx> --rate <0~100>

backup  <--name mnq_name | --index mnq_idx> --file <filepath>

restore <--name mnq_name | --index mnq_idx> --file <filepath>

action <--name mnq_name | --index mnq_idx> --key <name> --value <val>

scan  <--name mnq_name | --index mnq_idx> --file <filepath>

sortWnd

zoomIn

zoomOut

rock

pull  <--name mnq_name | --index mnq_idx> --remote <filepath> --local <filepath>

push  <--name mnq_name | --index mnq_idx> --remote <filepath> --local <filepath>

backupapp <--name mnq_name | --index mnq_idx> --packagename <apk_package_name> --file <filepath>

restoreapp <--name mnq_name | --index mnq_idx> --packagename <apk_package_name> --file <filepath>

globalsetting [--fps <0~60>] [--audio <1 | 0>] [--fastplay <1 | 0>] [--cleanmode <1 | 0>]

launchex <--name mnq_name | --index mnq_idx> --packagename <apk_package_name>

operatelist <--name mnq_name | --index mnq_idx>

operateinfo <--name mnq_name | --index mnq_idx> --file <filename>

operaterecord <--name mnq_name | --index mnq_idx>  --content <jsonstring>
2026-08-08 20:42:13  ERROR     ui.create_instances_tab — Failed to create LDPlayer-4: ldplayer v9.5.3.0 Command Line Management Interface
All rights reserved.

Usage:

ldconsole <command> [parameter]

dnconsole <command> [parameter]

Commands :


quit <--name mnq_name | --index mnq_idx>

quitall

launch <--name mnq_name | --index mnq_idx>

reboot <--name mnq_name | --index mnq_idx>

list

list2

list3 [--index <mnq_idx>]

runninglist

isrunning <--name mnq_name | --index mnq_idx>

add [--name <mnq_name>]

copy [--name <mnq_name>] --from <mnq_name | mnq_idx>

remove <--name mnq_name | --index mnq_idx>

rename [--name <mnq_name | --index mnq_idx>] --title <mnq_title>

modify <--name mnq_name | --index mnq_idx>
       [--resolution <w,h,dpi>]
       [--cpu <1 | 2 | 3 | 4>]
       [--memory <256 | 512 | 768 | 1024 | 1536 | 2048 | 4096 | 8192>]
       [--manufacturer asus]
       [--model ASUS_Z00DUO]
       [--pnumber 13800000000]
       [--imei <auto | 865166023949731>]
       [--imsi <auto | 460000000000000>]
       [--simserial <auto | 89860000000000000000>]
       [--androidid <auto | 0123456789abcdef>]
       [--mac <auto | 000000000000>]
       [--autorotate <1 | 0>
       [--lockwindow <1 | 0>

       [--root <1 | 0>

installapp <--name mnq_name | --index mnq_idx> --filename <apk_file_name>

installapp <--name mnq_name | --index mnq_idx> --packagename <apk_package_name>

uninstallapp <--name mnq_name | --index mnq_idx> --packagename <apk_package_name>

runapp <--name mnq_name | --index mnq_idx> --packagename <apk_package_name>

killapp <--name mnq_name | --index mnq_idx> --packagename <apk_package_name>

locate <--name mnq_name | --index mnq_idx> --LLI <Lng,Lat>

adb <--name mnq_name | --index mnq_idx> --command <cmd_str>

setprop <--name mnq_name | --index mnq_idx> --key <name> --value <val>

getprop <--name mnq_name | --index mnq_idx> [--key <name>]

downcpu <--name mnq_name | --index mnq_idx> --rate <0~100>

backup  <--name mnq_name | --index mnq_idx> --file <filepath>

restore <--name mnq_name | --index mnq_idx> --file <filepath>

action <--name mnq_name | --index mnq_idx> --key <name> --value <val>

scan  <--name mnq_name | --index mnq_idx> --file <filepath>

sortWnd

zoomIn

zoomOut

rock

pull  <--name mnq_name | --index mnq_idx> --remote <filepath> --local <filepath>

push  <--name mnq_name | --index mnq_idx> --remote <filepath> --local <filepath>

backupapp <--name mnq_name | --index mnq_idx> --packagename <apk_package_name> --file <filepath>

restoreapp <--name mnq_name | --index mnq_idx> --packagename <apk_package_name> --file <filepath>

globalsetting [--fps <0~60>] [--audio <1 | 0>] [--fastplay <1 | 0>] [--cleanmode <1 | 0>]

launchex <--name mnq_name | --index mnq_idx> --packagename <apk_package_name>

operatelist <--name mnq_name | --index mnq_idx>

operateinfo <--name mnq_name | --index mnq_idx> --file <filename>

operaterecord <--name mnq_name | --index mnq_idx>  --content <jsonstring>
2026-08-08 20:42:13  ERROR     ui.create_instances_tab — Failed to create LDPlayer-5: ldplayer v9.5.3.0 Command Line Management Interface
All rights reserved.

Usage:

ldconsole <command> [parameter]

dnconsole <command> [parameter]

Commands :


quit <--name mnq_name | --index mnq_idx>

quitall

launch <--name mnq_name | --index mnq_idx>

reboot <--name mnq_name | --index mnq_idx>

list

list2

list3 [--index <mnq_idx>]

runninglist

isrunning <--name mnq_name | --index mnq_idx>

add [--name <mnq_name>]

copy [--name <mnq_name>] --from <mnq_name | mnq_idx>

remove <--name mnq_name | --index mnq_idx>

rename [--name <mnq_name | --index mnq_idx>] --title <mnq_title>

modify <--name mnq_name | --index mnq_idx>
       [--resolution <w,h,dpi>]
       [--cpu <1 | 2 | 3 | 4>]
       [--memory <256 | 512 | 768 | 1024 | 1536 | 2048 | 4096 | 8192>]
       [--manufacturer asus]
       [--model ASUS_Z00DUO]
       [--pnumber 13800000000]
       [--imei <auto | 865166023949731>]
       [--imsi <auto | 460000000000000>]
       [--simserial <auto | 89860000000000000000>]
       [--androidid <auto | 0123456789abcdef>]
       [--mac <auto | 000000000000>]
       [--autorotate <1 | 0>
       [--lockwindow <1 | 0>

       [--root <1 | 0>

installapp <--name mnq_name | --index mnq_idx> --filename <apk_file_name>

installapp <--name mnq_name | --index mnq_idx> --packagename <apk_package_name>

uninstallapp <--name mnq_name | --index mnq_idx> --packagename <apk_package_name>

runapp <--name mnq_name | --index mnq_idx> --packagename <apk_package_name>

killapp <--name mnq_name | --index mnq_idx> --packagename <apk_package_name>

locate <--name mnq_name | --index mnq_idx> --LLI <Lng,Lat>

adb <--name mnq_name | --index mnq_idx> --command <cmd_str>

setprop <--name mnq_name | --index mnq_idx> --key <name> --value <val>

getprop <--name mnq_name | --index mnq_idx> [--key <name>]

downcpu <--name mnq_name | --index mnq_idx> --rate <0~100>

backup  <--name mnq_name | --index mnq_idx> --file <filepath>

restore <--name mnq_name | --index mnq_idx> --file <filepath>

action <--name mnq_name | --index mnq_idx> --key <name> --value <val>

scan  <--name mnq_name | --index mnq_idx> --file <filepath>

sortWnd

zoomIn

zoomOut

rock

pull  <--name mnq_name | --index mnq_idx> --remote <filepath> --local <filepath>

push  <--name mnq_name | --index mnq_idx> --remote <filepath> --local <filepath>

backupapp <--name mnq_name | --index mnq_idx> --packagename <apk_package_name> --file <filepath>

restoreapp <--name mnq_name | --index mnq_idx> --packagename <apk_package_name> --file <filepath>

globalsetting [--fps <0~60>] [--audio <1 | 0>] [--fastplay <1 | 0>] [--cleanmode <1 | 0>]

launchex <--name mnq_name | --index mnq_idx> --packagename <apk_package_name>

operatelist <--name mnq_name | --index mnq_idx>

operateinfo <--name mnq_name | --index mnq_idx> --file <filename>

operaterecord <--name mnq_name | --index mnq_idx>  --content <jsonstring>
2026-08-08 20:42:13  INFO      ui.main_window — Loaded 1 LDPlayer instance(s).
2026-08-08 20:42:17  INFO      ui.main_window — Loaded 1 LDPlayer instance(s).
2026-08-08 20:42:18  INFO      ui.main_window — Loaded 1 LDPlayer instance(s).
2026-08-08 20:42:19  INFO      ui.main_window — Loaded 1 LDPlayer instance(s).
2026-08-08 20:42:19  INFO      ui.main_window — Loaded 1 LDPlayer instance(s).
2026-08-08 20:42:24  INFO      ui.main_window — Loaded 1 LDPlayer instance(s).
2026-08-08 20:42:25  INFO      ui.main_window — Loaded 1 LDPlayer instance(s).
2026-08-08 20:42:25  INFO      ui.main_window — Loaded 1 LDPlayer instance(s).
2026-08-08 20:42:25  INFO      ui.main_window — Loaded 1 LDPlayer instance(s).
2026-08-08 20:42:25  INFO      ui.main_window — Loaded 1 LDPlayer instance(s).
2026-08-08 20:42:25  INFO      ui.main_window — Loaded 1 LDPlayer instance(s).
2026-08-08 20:42:37  INFO      ui.main_window — Loaded 2 LDPlayer instance(s).
2026-08-08 20:42:38  INFO      ui.main_window — Loaded 2 LDPlayer instance(s).
2026-08-08 20:42:38  INFO      ui.main_window — Loaded 2 LDPlayer instance(s).
2026-08-08 20:42:38  INFO      ui.main_window — Loaded 2 LDPlayer instance(s).
2026-08-08 20:42:39  INFO      ui.main_window — Loaded 2 LDPlayer instance(s).
2026-08-08 20:42:39  INFO      ui.main_window — Loaded 2 LDPlayer instance(s).
2026-08-08 20:42:41  INFO      ui.main_window — Loaded 2 LDPlayer instance(s).
2026-08-08 21:01:36  INFO      ui.main_window — Loaded 2 LDPlayer instance(s).
2026-08-08 21:01:44  INFO      core.ldconsole — Creating new instance: LDPlayer-1
2026-08-08 21:01:44  INFO      ui.create_instances_tab — Created instance: LDPlayer-1
2026-08-08 21:01:44  INFO      core.ldconsole — Creating new instance: LDPlayer-2
2026-08-08 21:01:45  INFO      ui.create_instances_tab — Created instance: LDPlayer-2
2026-08-08 21:01:45  INFO      core.ldconsole — Creating new instance: LDPlayer-3
2026-08-08 21:01:45  INFO      ui.create_instances_tab — Created instance: LDPlayer-3
2026-08-08 21:01:45  INFO      core.ldconsole — Creating new instance: LDPlayer-4
2026-08-08 21:01:45  INFO      ui.create_instances_tab — Created instance: LDPlayer-4
2026-08-08 21:01:45  INFO      core.ldconsole — Creating new instance: LDPlayer-5
2026-08-08 21:01:45  INFO      ui.create_instances_tab — Created instance: LDPlayer-5
2026-08-08 21:01:45  INFO      ui.main_window — Loaded 7 LDPlayer instance(s).
2026-08-08 21:01:49  INFO      ui.main_window — Loaded 7 LDPlayer instance(s).
2026-08-08 21:04:00  INFO      core.backup_engine — Starting backup queue: 7 jobs, concurrency=5
2026-08-08 21:04:00  INFO      core.ldconsole — Backing up instance 1 → D:/Bkupa\TestDiag999_1\TestDiag999_20260808_210400.ldbk
2026-08-08 21:04:00  INFO      core.ldconsole — Backing up instance 2 → D:/Bkupa\LDPlayer-1_2\LDPlayer-1_20260808_210400.ldbk
2026-08-08 21:04:00  INFO      core.ldconsole — Backing up instance 3 → D:/Bkupa\LDPlayer-2_3\LDPlayer-2_20260808_210400.ldbk
2026-08-08 21:04:00  INFO      core.ldconsole — Backing up instance 4 → D:/Bkupa\LDPlayer-3_4\LDPlayer-3_20260808_210400.ldbk
2026-08-08 21:04:00  INFO      core.ldconsole — Backing up instance 0 → D:/Bkupa\LDPlayer_0\LDPlayer_20260808_210400.ldbk
2026-08-08 21:04:00  INFO      core.backup_engine — Backup DONE: index=1  file=D:/Bkupa\TestDiag999_1\TestDiag999_20260808_210400.ldbk  0.2s
2026-08-08 21:04:01  INFO      core.ldconsole — Backing up instance 5 → D:/Bkupa\LDPlayer-4_5\LDPlayer-4_20260808_210401.ldbk
2026-08-08 21:04:01  INFO      core.backup_engine — Backup DONE: index=4  file=D:/Bkupa\LDPlayer-3_4\LDPlayer-3_20260808_210400.ldbk  0.3s
2026-08-08 21:04:01  INFO      core.ldconsole — Backing up instance 6 → D:/Bkupa\LDPlayer-5_6\LDPlayer-5_20260808_210401.ldbk
2026-08-08 21:04:01  INFO      core.backup_engine — Backup DONE: index=2  file=D:/Bkupa\LDPlayer-1_2\LDPlayer-1_20260808_210400.ldbk  0.3s
2026-08-08 21:04:01  INFO      core.backup_engine — Backup DONE: index=3  file=D:/Bkupa\LDPlayer-2_3\LDPlayer-2_20260808_210400.ldbk  0.3s
2026-08-08 21:04:01  INFO      core.backup_engine — Backup DONE: index=6  file=D:/Bkupa\LDPlayer-5_6\LDPlayer-5_20260808_210401.ldbk  0.2s
2026-08-08 21:04:01  INFO      core.backup_engine — Backup DONE: index=5  file=D:/Bkupa\LDPlayer-4_5\LDPlayer-4_20260808_210401.ldbk  0.3s
2026-08-08 21:04:02  INFO      core.backup_engine — Backup DONE: index=0  file=D:/Bkupa\LDPlayer_0\LDPlayer_20260808_210400.ldbk  1.7s
2026-08-08 21:04:02  INFO      core.backup_engine — All backups complete: 7 success, 0 failed, 1.8s total
2026-08-08 21:05:34  INFO      ui.main_window — Loaded 0 LDPlayer instance(s).
2026-08-08 21:05:41  INFO      ui.main_window — Loaded 0 LDPlayer instance(s).
2026-08-08 21:06:02  INFO      core.ldconsole — Creating new instance: TestDiag999
2026-08-08 21:06:02  INFO      core.ldconsole — Creating new instance: LDPlayer
2026-08-08 21:06:02  INFO      core.restore_engine — Created new instance: idx=1 name=TestDiag999
2026-08-08 21:06:02  INFO      core.ldconsole — Restoring instance 1 ← D:/Bkupa\TestDiag999_1\TestDiag999_20260808_210400.ldbk
2026-08-08 21:06:02  INFO      core.restore_engine — Created new instance: idx=0 name=LDPlayer
2026-08-08 21:06:02  INFO      core.ldconsole — Restoring instance 0 ← D:/Bkupa\LDPlayer_0\LDPlayer_20260808_210400.ldbk
2026-08-08 21:06:02  ERROR     core.ldconsole — Restore failed for index 1: player don't exist!
2026-08-08 21:06:02  ERROR     core.restore_engine — Restore FAILED: idx=1  error=ldconsole restore failed: player don't exist!
2026-08-08 21:06:02  INFO      core.ldconsole — Creating new instance: LDPlayer-1
2026-08-08 21:06:02  INFO      core.restore_engine — Created new instance: idx=2 name=LDPlayer-1
2026-08-08 21:06:02  INFO      core.ldconsole — Restoring instance 2 ← D:/Bkupa\LDPlayer-1_2\LDPlayer-1_20260808_210400.ldbk
2026-08-08 21:06:02  ERROR     core.ldconsole — Restore failed for index 2: player don't exist!
2026-08-08 21:06:02  ERROR     core.restore_engine — Restore FAILED: idx=2  error=ldconsole restore failed: player don't exist!
2026-08-08 21:06:02  INFO      core.ldconsole — Creating new instance: LDPlayer-2
2026-08-08 21:06:02  INFO      core.restore_engine — Created new instance: idx=3 name=LDPlayer-2
2026-08-08 21:06:02  INFO      core.ldconsole — Restoring instance 3 ← D:/Bkupa\LDPlayer-2_3\LDPlayer-2_20260808_210400.ldbk
2026-08-08 21:06:02  ERROR     core.ldconsole — Restore failed for index 3: player don't exist!
2026-08-08 21:06:02  ERROR     core.restore_engine — Restore FAILED: idx=3  error=ldconsole restore failed: player don't exist!
2026-08-08 21:06:02  INFO      core.ldconsole — Creating new instance: LDPlayer-3
2026-08-08 21:06:02  INFO      core.restore_engine — Created new instance: idx=4 name=LDPlayer-3
2026-08-08 21:06:02  INFO      core.ldconsole — Restoring instance 4 ← D:/Bkupa\LDPlayer-3_4\LDPlayer-3_20260808_210400.ldbk
2026-08-08 21:06:02  ERROR     core.ldconsole — Restore failed for index 4: player don't exist!
2026-08-08 21:06:02  ERROR     core.restore_engine — Restore FAILED: idx=4  error=ldconsole restore failed: player don't exist!
2026-08-08 21:06:02  INFO      core.ldconsole — Creating new instance: LDPlayer-4
2026-08-08 21:06:02  INFO      core.restore_engine — Created new instance: idx=5 name=LDPlayer-4
2026-08-08 21:06:02  INFO      core.ldconsole — Restoring instance 5 ← D:/Bkupa\LDPlayer-4_5\LDPlayer-4_20260808_210401.ldbk
2026-08-08 21:06:02  ERROR     core.ldconsole — Restore failed for index 5: player don't exist!
2026-08-08 21:06:02  ERROR     core.restore_engine — Restore FAILED: idx=5  error=ldconsole restore failed: player don't exist!
2026-08-08 21:06:02  INFO      core.ldconsole — Creating new instance: LDPlayer-5
2026-08-08 21:06:02  INFO      core.restore_engine — Created new instance: idx=6 name=LDPlayer-5
2026-08-08 21:06:02  INFO      core.ldconsole — Restoring instance 6 ← D:/Bkupa\LDPlayer-5_6\LDPlayer-5_20260808_210401.ldbk
2026-08-08 21:06:02  ERROR     core.ldconsole — Restore failed for index 6: player don't exist!
2026-08-08 21:06:02  ERROR     core.restore_engine — Restore FAILED: idx=6  error=ldconsole restore failed: player don't exist!
2026-08-08 21:06:03  INFO      core.restore_engine — Restore DONE: idx=0  0.9s
2026-08-08 21:29:09  INFO      ui.main_window — Loaded 0 LDPlayer instance(s).
2026-08-08 21:29:29  INFO      core.ldconsole — Creating new instance: TestDiag999
2026-08-08 21:29:29  INFO      core.restore_engine — Created new instance: got actual idx=0 (requested name=TestDiag999)
2026-08-08 21:29:29  INFO      core.ldconsole — Restoring instance 0 ← D:/Bkupa\TestDiag999_1\TestDiag999_20260808_210400.ldbk
2026-08-08 21:29:29  INFO      core.ldconsole — Creating new instance: LDPlayer
2026-08-08 21:29:29  INFO      core.restore_engine — Restore DONE: orig_idx=1 target_idx=0 0.2s
2026-08-08 21:29:29  INFO      core.restore_engine — Created new instance: got actual idx=1 (requested name=LDPlayer)
2026-08-08 21:29:29  INFO      core.ldconsole — Restoring instance 1 ← D:/Bkupa\LDPlayer_0\LDPlayer_20260808_210400.ldbk
2026-08-08 21:29:29  INFO      core.ldconsole — Creating new instance: LDPlayer-1
2026-08-08 21:29:29  INFO      core.restore_engine — Created new instance: got actual idx=2 (requested name=LDPlayer-1)
2026-08-08 21:29:29  INFO      core.ldconsole — Restoring instance 2 ← D:/Bkupa\LDPlayer-1_2\LDPlayer-1_20260808_210400.ldbk
2026-08-08 21:29:29  INFO      core.restore_engine — Restore DONE: orig_idx=2 target_idx=2 0.2s
2026-08-08 21:29:29  INFO      core.ldconsole — Creating new instance: LDPlayer-2
2026-08-08 21:29:29  INFO      core.restore_engine — Created new instance: got actual idx=3 (requested name=LDPlayer-2)
2026-08-08 21:29:29  INFO      core.ldconsole — Restoring instance 3 ← D:/Bkupa\LDPlayer-2_3\LDPlayer-2_20260808_210400.ldbk
2026-08-08 21:29:30  INFO      core.restore_engine — Restore DONE: orig_idx=3 target_idx=3 0.2s
2026-08-08 21:29:30  INFO      core.ldconsole — Creating new instance: LDPlayer-3
2026-08-08 21:29:30  INFO      core.restore_engine — Created new instance: got actual idx=4 (requested name=LDPlayer-3)
2026-08-08 21:29:30  INFO      core.ldconsole — Restoring instance 4 ← D:/Bkupa\LDPlayer-3_4\LDPlayer-3_20260808_210400.ldbk
2026-08-08 21:29:30  INFO      core.restore_engine — Restore DONE: orig_idx=4 target_idx=4 0.2s
2026-08-08 21:29:30  INFO      core.ldconsole — Creating new instance: LDPlayer-4
2026-08-08 21:29:30  INFO      core.restore_engine — Created new instance: got actual idx=5 (requested name=LDPlayer-4)
2026-08-08 21:29:30  INFO      core.ldconsole — Restoring instance 5 ← D:/Bkupa\LDPlayer-4_5\LDPlayer-4_20260808_210401.ldbk
2026-08-08 21:29:30  INFO      core.restore_engine — Restore DONE: orig_idx=0 target_idx=1 1.0s
2026-08-08 21:29:30  INFO      core.ldconsole — Creating new instance: LDPlayer-5
2026-08-08 21:29:30  INFO      core.restore_engine — Restore DONE: orig_idx=5 target_idx=5 0.2s
2026-08-08 21:29:30  INFO      core.restore_engine — Created new instance: got actual idx=6 (requested name=LDPlayer-5)
2026-08-08 21:29:30  INFO      core.ldconsole — Restoring instance 6 ← D:/Bkupa\LDPlayer-5_6\LDPlayer-5_20260808_210401.ldbk
2026-08-08 21:29:30  INFO      core.restore_engine — Restore DONE: orig_idx=6 target_idx=6 0.2s
2026-08-09 11:17:42  INFO      ui.main_window — Loaded 0 LDPlayer instance(s).
2026-08-09 11:19:02  INFO      ui.main_window — Loaded 0 LDPlayer instance(s).
2026-08-09 11:19:10  INFO      core.ldconsole — Creating new instance: LDPlayer-2
2026-08-09 11:19:10  INFO      core.restore_engine — Created new instance: got actual idx=0 (requested name=LDPlayer-2)
2026-08-09 11:19:10  INFO      core.ldconsole — Restoring instance 0 ← D:/Bkupa\LDPlayer-2_3\LDPlayer-2_20260808_210400.ldbk
2026-08-09 11:19:10  ERROR     core.ldconsole — Restore failed for index 0: ldplayer v9.5.3.0 Command Line Management Interface
All rights reserved.

Usage:

ldconsole <command> [parameter]

dnconsole <command> [parameter]

Commands :


quit <--name mnq_name | --index mnq_idx>

quitall

launch <--name mnq_name | --index mnq_idx>

reboot <--name mnq_name | --index mnq_idx>

list

list2

list3 [--index <mnq_idx>]

runninglist

isrunning <--name mnq_name | --index mnq_idx>

add [--name <mnq_name>]

copy [--name <mnq_name>] --from <mnq_name | mnq_idx>

remove <--name mnq_name | --index mnq_idx>

rename [--name <mnq_name | --index mnq_idx>] --title <mnq_title>

modify <--name mnq_name | --index mnq_idx>
       [--resolution <w,h,dpi>]
       [--cpu <1 | 2 | 3 | 4>]
       [--memory <256 | 512 | 768 | 1024 | 1536 | 2048 | 4096 | 8192>]
       [--manufacturer asus]
       [--model ASUS_Z00DUO]
       [--pnumber 13800000000]
       [--imei <auto | 865166023949731>]
       [--imsi <auto | 460000000000000>]
       [--simserial <auto | 89860000000000000000>]
       [--androidid <auto | 0123456789abcdef>]
       [--mac <auto | 000000000000>]
       [--autorotate <1 | 0>
       [--lockwindow <1 | 0>

       [--root <1 | 0>

installapp <--name mnq_name | --index mnq_idx> --filename <apk_file_name>

installapp <--name mnq_name | --index mnq_idx> --packagename <apk_package_name>

uninstallapp <--name mnq_name | --index mnq_idx> --packagename <apk_package_name>

runapp <--name mnq_name | --index mnq_idx> --packagename <apk_package_name>

killapp <--name mnq_name | --index mnq_idx> --packagename <apk_package_name>

locate <--name mnq_name | --index mnq_idx> --LLI <Lng,Lat>

adb <--name mnq_name | --index mnq_idx> --command <cmd_str>

setprop <--name mnq_name | --index mnq_idx> --key <name> --value <val>

getprop <--name mnq_name | --index mnq_idx> [--key <name>]

downcpu <--name mnq_name | --index mnq_idx> --rate <0~100>

backup  <--name mnq_name | --index mnq_idx> --file <filepath>

restore <--name mnq_name | --index mnq_idx> --file <filepath>

action <--name mnq_name | --index mnq_idx> --key <name> --value <val>

scan  <--name mnq_name | --index mnq_idx> --file <filepath>

sortWnd

zoomIn

zoomOut

rock

pull  <--name mnq_name | --index mnq_idx> --remote <filepath> --local <filepath>

push  <--name mnq_name | --index mnq_idx> --remote <filepath> --local <filepath>

backupapp <--name mnq_name | --index mnq_idx> --packagename <apk_package_name> --file <filepath>

restoreapp <--name mnq_name | --index mnq_idx> --packagename <apk_package_name> --file <filepath>

globalsetting [--fps <0~60>] [--audio <1 | 0>] [--fastplay <1 | 0>] [--cleanmode <1 | 0>]

launchex <--name mnq_name | --index mnq_idx> --packagename <apk_package_name>

operatelist <--name mnq_name | --index mnq_idx>

operateinfo <--name mnq_name | --index mnq_idx> --file <filename>

operaterecord <--name mnq_name | --index mnq_idx>  --content <jsonstring>
2026-08-09 11:19:10  ERROR     core.restore_engine — Restore FAILED: idx=3  error=ldconsole restore failed: ldplayer v9.5.3.0 Command Line Management Interface
All rights reserved.

Usage:

ldconsole <command> [parameter]

dnconsole <command> [parameter]

Commands :


quit <--name mnq_name | --index mnq_idx>

quitall

launch <--name mnq_name | --index mnq_idx>

reboot <--name mnq_name | --index mnq_idx>

list

list2

list3 [--index <mnq_idx>]

runninglist

isrunning <--name mnq_name | --index mnq_idx>

add [--name <mnq_name>]

copy [--name <mnq_name>] --from <mnq_name | mnq_idx>

remove <--name mnq_name | --index mnq_idx>

rename [--name <mnq_name | --index mnq_idx>] --title <mnq_title>

modify <--name mnq_name | --index mnq_idx>
       [--resolution <w,h,dpi>]
       [--cpu <1 | 2 | 3 | 4>]
       [--memory <256 | 512 | 768 | 1024 | 1536 | 2048 | 4096 | 8192>]
       [--manufacturer asus]
       [--model ASUS_Z00DUO]
       [--pnumber 13800000000]
       [--imei <auto | 865166023949731>]
       [--imsi <auto | 460000000000000>]
       [--simserial <auto | 89860000000000000000>]
       [--androidid <auto | 0123456789abcdef>]
       [--mac <auto | 000000000000>]
       [--autorotate <1 | 0>
       [--lockwindow <1 | 0>

       [--root <1 | 0>

installapp <--name mnq_name | --index mnq_idx> --filename <apk_file_name>

installapp <--name mnq_name | --index mnq_idx> --packagename <apk_package_name>

uninstallapp <--name mnq_name | --index mnq_idx> --packagename <apk_package_name>

runapp <--name mnq_name | --index mnq_idx> --packagename <apk_package_name>

killapp <--name mnq_name | --index mnq_idx> --packagename <apk_package_name>

locate <--name mnq_name | --index mnq_idx> --LLI <Lng,Lat>

adb <--name mnq_name | --index mnq_idx> --command <cmd_str>

setprop <--name mnq_name | --index mnq_idx> --key <name> --value <val>

getprop <--name mnq_name | --index mnq_idx> [--key <name>]

downcpu <--name mnq_name | --index mnq_idx> --rate <0~100>

backup  <--name mnq_name | --index mnq_idx> --file <filepath>

restore <--name mnq_name | --index mnq_idx> --file <filepath>

action <--name mnq_name | --index mnq_idx> --key <name> --value <val>

scan  <--name mnq_name | --index mnq_idx> --file <filepath>

sortWnd

zoomIn

zoomOut

rock

pull  <--name mnq_name | --index mnq_idx> --remote <filepath> --local <filepath>

push  <--name mnq_name | --index mnq_idx> --remote <filepath> --local <filepath>

backupapp <--name mnq_name | --index mnq_idx> --packagename <apk_package_name> --file <filepath>

restoreapp <--name mnq_name | --index mnq_idx> --packagename <apk_package_name> --file <filepath>

globalsetting [--fps <0~60>] [--audio <1 | 0>] [--fastplay <1 | 0>] [--cleanmode <1 | 0>]

launchex <--name mnq_name | --index mnq_idx> --packagename <apk_package_name>

operatelist <--name mnq_name | --index mnq_idx>

operateinfo <--name mnq_name | --index mnq_idx> --file <filename>

operaterecord <--name mnq_name | --index mnq_idx>  --content <jsonstring>
2026-08-09 11:24:57  INFO      ui.main_window — Loaded 1 LDPlayer instance(s).
2026-08-09 11:25:38  INFO      core.ldconsole — Creating new instance: LDPlayer-1
2026-08-09 11:25:38  INFO      ui.create_instances_tab — Created instance: LDPlayer-1
2026-08-09 11:25:38  INFO      core.ldconsole — Creating new instance: LDPlayer-2
2026-08-09 11:25:38  INFO      ui.create_instances_tab — Created instance: LDPlayer-2
2026-08-09 11:25:38  INFO      core.ldconsole — Creating new instance: LDPlayer-3
2026-08-09 11:25:38  INFO      ui.create_instances_tab — Created instance: LDPlayer-3
2026-08-09 11:25:38  INFO      core.ldconsole — Creating new instance: LDPlayer-4
2026-08-09 11:25:39  INFO      ui.create_instances_tab — Created instance: LDPlayer-4
2026-08-09 11:25:39  INFO      core.ldconsole — Creating new instance: LDPlayer-5
2026-08-09 11:25:39  INFO      ui.create_instances_tab — Created instance: LDPlayer-5
2026-08-09 11:25:39  INFO      ui.main_window — Loaded 6 LDPlayer instance(s).
2026-08-09 11:28:55  INFO      ui.main_window — Loaded 6 LDPlayer instance(s).
2026-08-09 11:30:06  INFO      ui.main_window — Loaded 0 LDPlayer instance(s).
2026-08-09 11:30:45  INFO      core.ldconsole — Creating new instance: LDPlayer-1
2026-08-09 11:30:45  INFO      core.ldconsole — Modifying instance: LDPlayer-1
2026-08-09 11:30:45  INFO      ui.create_instances_tab — Created instance: LDPlayer-1
2026-08-09 11:30:45  INFO      core.ldconsole — Creating new instance: LDPlayer-2
2026-08-09 11:30:45  INFO      core.ldconsole — Modifying instance: LDPlayer-2
2026-08-09 11:30:45  INFO      ui.create_instances_tab — Created instance: LDPlayer-2
2026-08-09 11:30:45  INFO      core.ldconsole — Creating new instance: LDPlayer-3
2026-08-09 11:30:45  INFO      core.ldconsole — Modifying instance: LDPlayer-3
2026-08-09 11:30:45  INFO      ui.create_instances_tab — Created instance: LDPlayer-3
2026-08-09 11:30:45  INFO      core.ldconsole — Creating new instance: LDPlayer-4
2026-08-09 11:30:45  INFO      core.ldconsole — Modifying instance: LDPlayer-4
2026-08-09 11:30:45  INFO      ui.create_instances_tab — Created instance: LDPlayer-4
2026-08-09 11:30:45  INFO      core.ldconsole — Creating new instance: LDPlayer-5
2026-08-09 11:30:45  INFO      core.ldconsole — Modifying instance: LDPlayer-5
2026-08-09 11:30:45  INFO      ui.create_instances_tab — Created instance: LDPlayer-5
2026-08-09 11:30:45  INFO      ui.main_window — Loaded 5 LDPlayer instance(s).
2026-08-09 11:35:13  INFO      ui.main_window — Loaded 5 LDPlayer instance(s).
2026-08-09 11:35:49  INFO      core.ldconsole — Creating new instance: LDPlayer-8
2026-08-09 11:35:49  INFO      core.ldconsole — Modifying instance: LDPlayer-8
2026-08-09 11:35:49  INFO      ui.create_instances_tab — Created instance: LDPlayer-8
2026-08-09 11:35:49  INFO      ui.main_window — Loaded 6 LDPlayer instance(s).
